PASS T01: list renders + 4 stat cards + FG product images
PASS T02: stat-card + search filters combine + sort
PASS T03: create wizard: FG portal (searchable/FG-only/img+code+uom) + select fills
PASS T04: step1 fields editable (ver/name/qty/★) + out_uom derived
PASS T05: VR-01 (no FG) + VR-03 (empty name) blocked
PASS T06: VR-02 empty version + duplicate version blocked
PASS T07: step2 component portal lists only RM/PM/TR + add line
PASS T08: line UoM category-filtered + reset/refilter on change (EC-05)
PASS T09: VR-04 (0 lines) + VR-05 (qty<=0) blocked
PASS T10: VR-06 (dup component) + VR-07 (anti-cycle) blocked
PASS T11: live cost rollup == sum(cost*qty*(1+scrap%))
PASS T12: delete-line removes line + cost updates
PASS T13: save draft (status/used/DOA) + save active
PASS T14: BR-02: ★ auto-clear (exactly 1 default per FG)
PASS T15: FN-09: sibling version click navigates/renders
PASS T16: statusMenu any->any no approval + ★ drops on non-active
PASS T17: edit record with used>0 -> lines editable
PASS T18: bulk bar select-all + apply status + cancel
PASS T19: bulk delete skips used>0 + counts + disabled guard
PASS T20: combo portal floats above table + reflow + close
PASS T21: modal z-index above drawer + Esc chain
PASS T22: drawer re-render keeps open + data refreshed (#29)
PASS T23: no empty icons (list/combo/menu/toast)
PASS T24: scope guard: no import/approval/multi-level/routing/co-product
PASS T25: search box keeps focus/caret when typing char-by-char
PASS T26: view sibling row: ★ badge keeps status pill on same line
------------------------------------------------------------------------
E2E ROUND: 26/26 passed
