PASS T01: root list: 2 WH rows + 5 stats + สาขา column + branch cell
PASS T02: drill 5 levels (row-click + evaluate) + 5 breadcrumb chips
PASS T03: flat all-locations: 17 total + path column + search/type filter
PASS T04: area tab: racks-only vs allows_direct seg + quick-add
PASS T05: hierarchy tree + node summary share state.sel
PASS T06: warehouse geo cascade + postcode readonly + clear-on-change
PASS T07: zone temp range toggle + rack R/C/L fields
PASS T08: location wizard 2 steps + parent XOR + step2 fields
PASS T09: location validation: dup-code / area-direct / cap>0
PASS T10: storage_uom LOCK on hasStock + list col + view drawer
PASS T11: status menu portal: 4 statuses (no full) + apply + audit
PASS T12: blocked -> reason modal required -> apply + audit
PASS T13: bulk bar 4 statuses + bulk-uom skips hasStock + clear
PASS T14: bulk-gen: preset + 5-name preview + total + uom + atomic
PASS T15: quick-add (rack): insert + audit + dup guard
PASS T16: quick-add (area-direct): insert + parent linkage
PASS T17: RBAC canManage + row actions (view/edit/delete)
PASS T18: delete guards: child zones / hasStock / clean decommission
PASS T19: branch portal to <body> + floats above + reflow + close
PASS T20: branch keyboard select + empty state + Esc keeps drawer
PASS T21: branch picker active-only + branchLabel snapshot
PASS T22: branch required + numeric branch_id + list/view show
PASS T23: AUDIT increments on create/edit WH + create location
PASS T24: submit spinner+disabled + double-submit guard
PASS T25: Esc chain: menu > modal > drawer / branch list > drawer
PASS T26: CI drift gone: no navy/blue rgba (source + computed)
PASS T27: Thai font <link> Noto+Sans+Thai present
PASS T28: icon audit: no empty/un-rendered lucide icons
PASS T29: drawer re-render keeps open + preserves scroll
PASS T30: branch REAL mouse-click select (create) + label + close
PASS T31: branch REAL mouse-click change (edit) 1->2 + field update
PASS T32: branch REAL mouse-click on inner icon/text still selects
PASS T33: branch mouse-click survives mid-click portal re-render (race)
------------------------------------------------------------------------
E2E ROUND: 33/33 passed
results JSON -> C:\Users\Admin\Desktop\Work\brief-maker\outputs\06_Warehouse-Bin\02_QC\_e2e_results.json
